// Jest Snapshot v1, https://goo.gl/fbAQLP

exports[`should render Header correctly 1`] = `
<nav>
  <Link
    replace={false}
    to="/"
  >
    <FlatButton
      disabled={false}
      fullWidth={false}
      label="Tangle"
      labelPosition="after"
      labelStyle={Object {}}
      onKeyboardFocus={[Function]}
      onMouseEnter={[Function]}
      onMouseLeave={[Function]}
      onTouchStart={[Function]}
      primary={false}
      secondary={false}
      style={
        Object {
          "margin": "5px",
        }
      }
    />
  </Link>
  <Link
    replace={false}
    to="/createpost"
  >
    <FlatButton
      disabled={false}
      fullWidth={false}
      label="Create Post"
      labelPosition="after"
      labelStyle={Object {}}
      onKeyboardFocus={[Function]}
      onMouseEnter={[Function]}
      onMouseLeave={[Function]}
      onTouchStart={[Function]}
      primary={false}
      secondary={false}
    />
  </Link>
  <Link
    replace={false}
    to="/signout"
  >
    <FlatButton
      disabled={false}
      fullWidth={false}
      label="Sign Out"
      labelPosition="after"
      labelStyle={Object {}}
      onKeyboardFocus={[Function]}
      onMouseEnter={[Function]}
      onMouseLeave={[Function]}
      onTouchStart={[Function]}
      primary={false}
      secondary={false}
    />
  </Link>
</nav>
`;
